fm-test-run: test runtime python3=/usr/local/bin/python3.11
fm-test-run: test runtime node=/usr/local/bin/node
FM_TEST_BEGIN 2026-10-02T06:37:34Z tests/fm-on.test.sh family=secondmate expected_gate_skip=none
ok - fm-on --stdin preserves argv, stdin, stdout, stderr, and exit status without shell interpretation
ok - fm-on defaults the remote command's stdin to /dev/null
ok - fm-on arms a bounded SSH dead-peer detection window by default (15s x 3 = 45s)
ok - fm-on's dead-peer detection window is env-overridable
ok - fm-on rejects invalid dead-peer settings before launching ssh
ok - the fixed entrypoint runs every command in the worker's explicit environment
ok - the entrypoint composes a deduplicated discovered child PATH (kept 1 existing, omitted 10 absent)
not ok - read-only doctor did not report the stopped worker (missing: 'check remote-job-worker=fixable:')
--- output ---
mode=check
path=/private/var/folders/9t/k_yy9fqs5vd27rf12jx_rzqh0000gn/T/fm-on.iwxIKj/remote-root/bin:/Users/hcho/.local/bin:/Users/hcho/.nvm/versions/node/v20.19.5/bin:/usr/local/bin:/usr/bin:/bin:/usr/sbin:/sbin
entrypoint=yes
platform=linux
/private/var/folders/9t/k_yy9fqs5vd27rf12jx_rzqh0000gn/T/fm-on.iwxIKj/remote-root/bin/backends/herdr.sh: line 79: /private/var/folders/9t/k_yy9fqs5vd27rf12jx_rzqh0000gn/T/fm-on.iwxIKj/remote-root/bin/fm-composer-lib.sh: No such file or directory
FM_TEST_END 2026-10-02T06:37:52Z tests/fm-on.test.sh exit=1 duration_ms=17765 gate_skip=false
FM_TEST_SUMMARY total=1 failed=1 skipped_gate=0 duration_ms=18358
FM_TEST_SUMMARY_FAMILY family=secondmate count=1 duration_ms=17765 failed=1
FM_TEST_SLOWEST rank=1 script=tests/fm-on.test.sh duration_ms=17765
