fm-test-run: test runtime python3=/usr/local/bin/python3.11
fm-test-run: test runtime node=/usr/local/bin/node
FM_TEST_BEGIN 2026-10-02T06:44:48Z tests/fm-watch-arm.test.sh family=watcher-wake-lock expected_gate_skip=none
ok - watch-arm: an attached arm reports the wake its cycle delivered instead of a false failure
ok - watch-arm: a delivered wake consumed by the handling turn still closes the attached arm cleanly
ok - watch-arm: a cycle that delivered no wake of its own still fails loudly
/var/folders/9t/k_yy9fqs5vd27rf12jx_rzqh0000gn/T/fm-base-ce3403a.feWDB3/bin/fm-watch-arm.sh: line 566: 28743 Killed: 9               "$WATCH" > "$child_out"
WAKE_ACK_REQUIRED: after handling completes run bin/fm-wake-drain.sh --ack-through 2 --recovery-generation 30202.1790923521.b9ZMIu
ok - watch-arm: re-arm surfaces every queued wake and an open remote decision after downtime
watcher: recovery state could not be persisted; retaining stale lock evidence
ok - watch-arm: marker publication failure retains stale-lock recovery evidence
WAKE_ACK_REQUIRED: after handling completes run bin/fm-wake-drain.sh --ack-through 2 --recovery-generation 52297.1790923542.7VAwcz
WAKE_ACK_REQUIRED: after handling completes run bin/fm-wake-drain.sh --ack-through 3 --recovery-generation 57610.1790923546.XTYbR8
ok - watch-arm: a wake queued after handling drain is recovered once at successor arm
ok - watch-arm: interrupted handling leaves its wake durable for successor re-drain
WAKE_ACK_REQUIRED: after handling completes run bin/fm-wake-drain.sh --ack-through 0 --recovery-generation 8952.1790923577.mmcolV
ok - watch-arm: malformed recovery state is quarantined without a successor loop
WAKE_ACK_REQUIRED: after handling completes run bin/fm-wake-drain.sh --ack-through 1 --recovery-generation 17092.1790923582.2iBop6
ok - watch-arm: publication after recovery handoff is surfaced
ok - watch-arm: restart publishes recovery before clearing a reused-pid watcher lock
WAKE_ACK_REQUIRED: after handling completes run bin/fm-wake-drain.sh --ack-through 7 --recovery-generation 25125.1790923591.u4ZLpM
ok - watch-arm: markerless legacy queues are adopted and recovered
ok - watch-arm: a watcher close during handling keeps the printed acknowledgement valid
ok - watch-arm: a moved recovery generation consumes handled rows and names its remedy
ok - watch-arm: downtime marker publication does not follow symlinks
FM_TEST_END 2026-10-02T06:47:20Z tests/fm-watch-arm.test.sh exit=0 duration_ms=151884 gate_skip=false
FM_TEST_SUMMARY total=1 failed=0 skipped_gate=0 duration_ms=153030
FM_TEST_SUMMARY_FAMILY family=watcher-wake-lock count=1 duration_ms=151884 failed=0
FM_TEST_SLOWEST rank=1 script=tests/fm-watch-arm.test.sh duration_ms=151884
