fm-test-run: test runtime python3=/usr/local/bin/python3.11
fm-test-run: test runtime node=/usr/local/bin/node
FM_TEST_BEGIN 2026-10-02T06:34:18Z tests/fm-extension-binding.test.sh family=standalone expected_gate_skip=none
ok - unknown extension conformance section selectors fail before setup
ok - the section coordinator propagates ordered failures and bounded cleanup
not-autohandled: example-file (left for the handler; still unacknowledged)
not-autohandled: flow-source (left for the handler; still unacknowledged)
ok - the shipped file-signal package is a runnable end-to-end external adapter
ok - one external adapter registers, invokes, captures unhandled evidence, classifies, and terminally retires end to end
not-autohandled: example-symlinked (left for the handler; still unacknowledged)
ok - a home reached through a symlinked ancestor captures external evidence normally
ok - inner result.silent host crash releases the parent lifecycle lock before terminal retry
ok - handshake execution rejects and reaps foreground descendants

all extension-binding tests passed
ok - local binding retirement requires its exact identity and disables invocation

all extension-binding tests passed
not-autohandled: remote-source (left for the handler; still unacknowledged)
ok - serialized remote binding crosses fm-on through addressed-home capture and retirement

all extension-binding tests passed
ok - independent extension conformance sections complete through isolated public homes

all extension-binding tests passed
FM_TEST_END 2026-10-02T06:34:48Z tests/fm-extension-binding.test.sh exit=0 duration_ms=30582 gate_skip=false
FM_TEST_SUMMARY total=1 failed=0 skipped_gate=0 duration_ms=31496
FM_TEST_SUMMARY_FAMILY family=standalone count=1 duration_ms=30582 failed=0
FM_TEST_SLOWEST rank=1 script=tests/fm-extension-binding.test.sh duration_ms=30582
