fm-test-run: test runtime python3=/usr/local/bin/python3.11
fm-test-run: test runtime node=/usr/local/bin/node
FM_TEST_BEGIN 2026-10-02T06:33:03Z tests/fm-teardown.test.sh family=pr-forge expected_gate_skip=none
ok - local-only worktree with HEAD on a fork remote is torn down and the home summary is refreshed
ok - teardown closes its own backlog item before reporting success
ok - teardown honors config/backlog-backend=manual and still finishes cleanly
ok - local-only worktree with truly unpushed work is refused (safety preserved)
ok - local-only worktree with work merged into local main is torn down (no regression)
ok - no-mistakes worktree with HEAD on origin is torn down (no regression)
ok - no-mistakes worktree with genuinely unlanded work is refused (safety preserved)
ok - local-only worktree with unpushed work is torn down under --force (escape hatch)
ok - fm-pr-check publishes the PR-ready line on a secondmate's parent channel once
ok - a secondmate home's teardown delivers the child's final line or refuses until it can
ok - teardown completes when an exact busy-state sidecar is already absent
ok - herdr teardown removes pane-owned escalation dedupe state
ok - herdr flat teardown refuses before returning the isolated copy under lock contention and the retry completes cleanly
ok - herdr flat teardown never erases records when pane presence is unparseable
not ok - herdr-preflight-missing-adapter: teardown continued without its required preflight
FM_TEST_END 2026-10-02T06:35:45Z tests/fm-teardown.test.sh exit=1 duration_ms=162696 gate_skip=false
FM_TEST_SUMMARY total=1 failed=1 skipped_gate=0 duration_ms=163523
FM_TEST_SUMMARY_FAMILY family=pr-forge count=1 duration_ms=162696 failed=1
FM_TEST_SLOWEST rank=1 script=tests/fm-teardown.test.sh duration_ms=162696
