ok - watch-arm: an attached arm reports the wake its cycle delivered instead of a false failure
ok - watch-arm: a delivered wake consumed by the handling turn still closes the attached arm cleanly
ok - watch-arm: a cycle that delivered no wake of its own still fails loudly
/Users/hcho/.no-mistakes/worktrees/5e4a80ba0eae/01M3XEP8PB80JBAS3EVK1MH5WC/bin/fm-watch-arm.sh: line 566: 75813 Killed: 9               "$WATCH" > "$child_out"
WAKE_ACK_REQUIRED: after handling completes run bin/fm-wake-drain.sh --ack-through 2 --recovery-generation 77050.1790930138.FLyGPh
ok - watch-arm: re-arm surfaces every queued wake and an open remote decision after downtime
watcher: recovery state could not be persisted; retaining stale lock evidence
ok - watch-arm: marker publication failure retains stale-lock recovery evidence
WAKE_ACK_REQUIRED: after handling completes run bin/fm-wake-drain.sh --ack-through 2 --recovery-generation 91946.1790930155.eanY9H
WAKE_ACK_REQUIRED: after handling completes run bin/fm-wake-drain.sh --ack-through 3 --recovery-generation 98940.1790930158.8IBgg0
ok - watch-arm: a wake queued after handling drain is recovered once at successor arm
ok - watch-arm: interrupted handling leaves its wake durable for successor re-drain
WAKE_ACK_REQUIRED: after handling completes run bin/fm-wake-drain.sh --ack-through 0 --recovery-generation 11213.1790930171.iLcnDV
ok - watch-arm: malformed recovery state is quarantined without a successor loop
WAKE_ACK_REQUIRED: after handling completes run bin/fm-wake-drain.sh --ack-through 1 --recovery-generation 16947.1790930175.PzphVM
ok - watch-arm: publication after recovery handoff is surfaced
ok - watch-arm: restart publishes recovery before clearing a reused-pid watcher lock
WAKE_ACK_REQUIRED: after handling completes run bin/fm-wake-drain.sh --ack-through 7 --recovery-generation 20627.1790930180.aHub3a
ok - watch-arm: markerless legacy queues are adopted and recovered
ok - watch-arm: a watcher close during handling keeps the printed acknowledgement valid
ok - watch-arm: a moved recovery generation consumes handled rows and names its remedy
ok - watch-arm: downtime marker publication does not follow symlinks
